ASxxxx Linker V03.00 + NoICE + sdld,  page 1.
Hexadecimal  [32-Bits]

Area                                    Addr        Size        Decimal Bytes (Attributes)
--------------------------------        ----        ----        ------- ----- ------------
.  .ABS.                            00000000    00000000 =           0. bytes (ABS,CON)

      Value  Global                              Global Defined In Module
      -----  --------------------------------   ------------------------
     00000000  .__.ABS.                           cpct_firmware
     00000000  l__DATA                         
     00000003  max_entities                       
     0000015D  l__CODE                         
     00004000  s__CODE                         
     0000415D  s__DATA                         
ASxxxx Linker V03.00 + NoICE + sdld,  page 2.
Hexadecimal  [32-Bits]

Area                                    Addr        Size        Decimal Bytes (Attributes)
--------------------------------        ----        ----        ------- ----- ------------
_CODE                               00004000    0000015D =         349. bytes (REL,CON)

      Value  Global                              Global Defined In Module
      -----  --------------------------------   ------------------------
     00004000  rendersys_init                     
     00004001  rendersys_update                   
     00004025  _num_entities                      
     00004026  _last_elem_ptr                     
     00004028  _entity_array                      
     0000403D  entityman_getEntityArray_IX        
     00004042  entityman_getNumEntities_A         
     00004046  entityman_create                   
     00004061  player                             cpct_keyboard
     00004068  enemy                              cpct_keyboard
     0000406F  _main                              cpct_keyboard
     0000408C  _cpct_disableFirmware              cpct_firmware
     0000408C  _cpct_removeInterruptHandler       cpct_firmware
     0000408C  cpct_disableFirmware_asm           cpct_firmware
     0000408C  cpct_removeInterruptHandler_asm    cpct_firmware
     0000409C  cpct_drawSolidBox_asm              cpct_sprites
     00004140  cpct_getScreenPtr_asm              cpct_video
     0000415C  _cpct_mode_rom_status              cpct_firmware
ASxxxx Linker V03.00 + NoICE + sdld,  page 3.

Files Linked                              [ module(s) ]

obj/cpct_functions.h.rel                  [  ]
obj/render_system.h.rel                   [  ]
obj/render_system.rel                     [  ]
obj/entity_manager.rel                    [  ]
obj/main.rel                              [ cpct_keyboard ]
obj/entity_manager.h.rel                  [  ]


Libraries Linked                          [ object file ]

/home/Diego/cpctelera/cpctelera/cpctelera.lib
                                          [ cpct_removeInterruptHandler.rel ]
/home/Diego/cpctelera/cpctelera/cpctelera.lib
                                          [ cpct_drawSolidBox_asmbindings.re ]
/home/Diego/cpctelera/cpctelera/cpctelera.lib
                                          [ cpct_getScreenPtr_asmbindings.re ]
/home/Diego/cpctelera/cpctelera/cpctelera.lib
                                          [ cpc_mode_rom_status.rel ]

ASxxxx Linker V03.00 + NoICE + sdld,  page 4.

User Base Address Definitions

_CODE = 0x4000
_DATA = 0x0000

